INFO 2018-07-11 15:26:21,642 game_views 5876 6392 [{'pk': 12, 'qtype': 'choice', 'bank_id': 'KYKAmPnwoFF9wWmkeJGq9m', 'ctype': 1, 'question': '唐宋散文八大家不包括以下哪一位人物？', 'items': ['苏轼', '苏辙', '李白', '王安石'], 'source': '', 'media': [{'type': 'image', 'image_url': ''}, {'type': 'audio', 'audio_url': None, 'audio_time': 0}]}, {'pk': 10, 'bank_id': 'KYKAmPnwoFF9wWmkeJGq9m', 'ctype': 1, 'question': '君住长江南，我住长江北，##，共饮长江水', 'qtype': 'fillinblank', 'source': ''}, {'pk': 13, 'bank_id': 'KYKAmPnwoFF9wWmkeJGq9m', 'ctype': 1, 'question': '有情##含春泪，无力蔷薇卧晚枝。', 'qtype': 'fillinblank', 'source': ''}, {'pk': 14, 'bank_id': 'KYKAmPnwoFF9wWmkeJGq9m', 'ctype': 1, 'question': '人闲##落，夜静春山空。', 'qtype': 'fillinblank', 'source': ''}, {'pk': 10, 'qtype': 'choice', 'bank_id': 'KYKAmPnwoFF9wWmkeJGq9m', 'ctype': 1, 'question': '元宵又称为上元节，那么下元节是几月几号？', 'items': ['六月十五', '十二月十五', '十月十五', '七月十五'], 'source': '', 'media': [{'type': 'image', 'image_url': ''}, {'type': 'audio', 'audio_url': None, 'audio_time': 0}]}, {'pk': 8, 'qtype': 'choice', 'bank_id': 'KYKAmPnwoFF9wWmkeJGq9m', 'ctype': 1, 'question': '商女不知亡国恨下一句是？', 'items': ['隔江犹唱后庭花', '铁马冰河入梦来', '一弦一柱思华年', '江枫渔火对愁眠'], 'source': '', 'media': [{'type': 'image', 'image_url': ''}, {'type': 'audio', 'audio_url': None, 'audio_time': 0}]}, {'pk': 12, 'bank_id': 'KYKAmPnwoFF9wWmkeJGq9m', 'ctype': 1, 'question': '不识##真面目，只缘身在此山中', 'qtype': 'fillinblank', 'source': ''}, {'pk': 13, 'qtype': 'choice', 'bank_id': 'KYKAmPnwoFF9wWmkeJGq9m', 'ctype': 1, 'question': '清明上河图的作者是哪一个朝代的人？', 'items': ['南宋', '北宋', '晚唐', '元朝'], 'source': '', 'media': [{'type': 'image', 'image_url': ''}, {'type': 'audio', 'audio_url': None, 'audio_time': 0}]}, {'pk': 9, 'qtype': 'choice', 'bank_id': 'KYKAmPnwoFF9wWmkeJGq9m', 'ctype': 1, 'question': '龙舟是为了纪念哪位文化名人的？', 'items': ['陈独秀', '李白', '纳兰性德', '屈原'], 'source': '', 'media': [{'type': 'image', 'image_url': ''}, {'type': 'audio', 'audio_url': None, 'audio_time': 0}]}, {'pk': 15, 'bank_id': 'KYKAmPnwoFF9wWmkeJGq9m', 'ctype': 1, 'question': '采##东篱下，悠然见南山。', 'qtype': 'fillinblank', 'source': ''}, {'pk': 11, 'qtype': 'choice', 'bank_id': 'KYKAmPnwoFF9wWmkeJGq9m', 'ctype': 1, 'question': '北京是在哪个朝代建都的？', 'items': ['清朝', '明朝', '汉朝', '元朝'], 'source': '', 'media': [{'type': 'image', 'image_url': ''}, {'type': 'audio', 'audio_url': None, 'audio_time': 0}]}, {'pk': 9, 'bank_id': 'KYKAmPnwoFF9wWmkeJGq9m', 'ctype': 1, 'question': '补全诗句：到现在，乡愁是一湾##，我在这头，大陆在那头。', 'qtype': 'fillinblank', 'source': ''}, {'pk': 11, 'bank_id': 'KYKAmPnwoFF9wWmkeJGq9m', 'ctype': 1, 'question': '李白的《渡荆门送别》一诗中，写出诗人渡过荆门进入楚地看到江水冲出山峦向着原野奔腾而去的壮阔景色的诗句是:##，江入大荒流', 'qtype': 'fillinblank', 'source': ''}, {'pk': 14, 'qtype': 'choice', 'bank_id': 'KYKAmPnwoFF9wWmkeJGq9m', 'ctype': 1, 'question': '天子呼来不上船，自称臣是酒中仙。说的是哪一位人物？', 'items': ['杜甫', '王之涣', '李白', '贾岛'], 'source': '', 'media': [{'type': 'image', 'image_url': ''}, {'type': 'audio', 'audio_url': None, 'audio_time': 0}]}]
INFO 2018-07-11 15:28:08,205 game_views 7492 7036 [{'pk': 14, 'bank_id': 'KYKAmPnwoFF9wWmkeJGq9m', 'ctype': 1, 'question': '人闲##落，夜静春山空。', 'qtype': 'fillinblank', 'answer': '桂花', 'source': ''}, {'pk': 8, 'qtype': 'choice', 'bank_id': 'KYKAmPnwoFF9wWmkeJGq9m', 'ctype': 1, 'question': '商女不知亡国恨下一句是？', 'answer': '隔江犹唱后庭花', 'items': ['隔江犹唱后庭花', '铁马冰河入梦来', '一弦一柱思华年', '江枫渔火对愁眠'], 'source': '', 'media': [{'type': 'image', 'image_url': ''}, {'type': 'audio', 'audio_url': None, 'audio_time': 0}]}, {'pk': 15, 'bank_id': 'KYKAmPnwoFF9wWmkeJGq9m', 'ctype': 1, 'question': '采##东篱下，悠然见南山。', 'qtype': 'fillinblank', 'answer': '菊', 'source': ''}, {'pk': 10, 'qtype': 'choice', 'bank_id': 'KYKAmPnwoFF9wWmkeJGq9m', 'ctype': 1, 'question': '元宵又称为上元节，那么下元节是几月几号？', 'answer': '十月十五', 'items': ['六月十五', '十二月十五', '十月十五', '七月十五'], 'source': '', 'media': [{'type': 'image', 'image_url': ''}, {'type': 'audio', 'audio_url': None, 'audio_time': 0}]}, {'pk': 9, 'qtype': 'choice', 'bank_id': 'KYKAmPnwoFF9wWmkeJGq9m', 'ctype': 1, 'question': '龙舟是为了纪念哪位文化名人的？', 'answer': '屈原', 'items': ['陈独秀', '李白', '纳兰性德', '屈原'], 'source': '', 'media': [{'type': 'image', 'image_url': ''}, {'type': 'audio', 'audio_url': None, 'audio_time': 0}]}, {'pk': 10, 'bank_id': 'KYKAmPnwoFF9wWmkeJGq9m', 'ctype': 1, 'question': '君住长江南，我住长江北，##，共饮长江水', 'qtype': 'fillinblank', 'answer': '日日思君不见君', 'source': ''}, {'pk': 14, 'qtype': 'choice', 'bank_id': 'KYKAmPnwoFF9wWmkeJGq9m', 'ctype': 1, 'question': '天子呼来不上船，自称臣是酒中仙。说的是哪一位人物？', 'answer': '李白', 'items': ['杜甫', '王之涣', '李白', '贾岛'], 'source': '', 'media': [{'type': 'image', 'image_url': ''}, {'type': 'audio', 'audio_url': None, 'audio_time': 0}]}, {'pk': 11, 'bank_id': 'KYKAmPnwoFF9wWmkeJGq9m', 'ctype': 1, 'question': '李白的《渡荆门送别》一诗中，写出诗人渡过荆门进入楚地看到江水冲出山峦向着原野奔腾而去的壮阔景色的诗句是:##，江入大荒流', 'qtype': 'fillinblank', 'answer': '山随平野尽', 'source': ''}, {'pk': 13, 'qtype': 'choice', 'bank_id': 'KYKAmPnwoFF9wWmkeJGq9m', 'ctype': 1, 'question': '清明上河图的作者是哪一个朝代的人？', 'answer': '北宋', 'items': ['南宋', '北宋', '晚唐', '元朝'], 'source': '', 'media': [{'type': 'image', 'image_url': ''}, {'type': 'audio', 'audio_url': None, 'audio_time': 0}]}, {'pk': 13, 'bank_id': 'KYKAmPnwoFF9wWmkeJGq9m', 'ctype': 1, 'question': '有情##含春泪，无力蔷薇卧晚枝。', 'qtype': 'fillinblank', 'answer': '芍药', 'source': ''}, {'pk': 12, 'qtype': 'choice', 'bank_id': 'KYKAmPnwoFF9wWmkeJGq9m', 'ctype': 1, 'question': '唐宋散文八大家不包括以下哪一位人物？', 'answer': '李白', 'items': ['苏轼', '苏辙', '李白', '王安石'], 'source': '', 'media': [{'type': 'image', 'image_url': ''}, {'type': 'audio', 'audio_url': None, 'audio_time': 0}]}, {'pk': 9, 'bank_id': 'KYKAmPnwoFF9wWmkeJGq9m', 'ctype': 1, 'question': '补全诗句：到现在，乡愁是一湾##，我在这头，大陆在那头。', 'qtype': 'fillinblank', 'answer': '浅浅的海峡', 'source': ''}, {'pk': 11, 'qtype': 'choice', 'bank_id': 'KYKAmPnwoFF9wWmkeJGq9m', 'ctype': 1, 'question': '北京是在哪个朝代建都的？', 'answer': '元朝', 'items': ['清朝', '明朝', '汉朝', '元朝'], 'source': '', 'media': [{'type': 'image', 'image_url': ''}, {'type': 'audio', 'audio_url': None, 'audio_time': 0}]}, {'pk': 12, 'bank_id': 'KYKAmPnwoFF9wWmkeJGq9m', 'ctype': 1, 'question': '不识##真面目，只缘身在此山中', 'qtype': 'fillinblank', 'answer': '庐山', 'source': ''}]
